com.example:java-ml:jar:1.0-SNAPSHOT
+- nz.ac.waikato.cms.weka:weka-stable:jar:3.8.6:compile
|  +- com.github.vbmacher:java-cup:jar:11b-20160615:compile
|  +- com.github.vbmacher:java-cup-runtime:jar:11b-20160615:compile
|  +- nz.ac.waikato.cms.weka.thirdparty:bounce:jar:0.18:compile
|  +- com.googlecode.matrix-toolkits-java:mtj:jar:1.0.4:compile
|  |  \- com.github.fommil.netlib:all:pom:1.1.2:compile
|  |     +- com.github.fommil.netlib:netlib-native_ref-osx-x86_64:jar:natives:1.1:compile
|  |     |  \- com.github.fommil.netlib:native_ref-java:jar:1.1:compile
|  |     |     \- com.github.fommil:jniloader:jar:1.1:compile
|  |     +- com.github.fommil.netlib:netlib-native_ref-linux-x86_64:jar:natives:1.1:compile
|  |     +- com.github.fommil.netlib:netlib-native_ref-linux-i686:jar:natives:1.1:compile
|  |     +- com.github.fommil.netlib:netlib-native_ref-win-x86_64:jar:natives:1.1:compile
|  |     +- com.github.fommil.netlib:netlib-native_ref-win-i686:jar:natives:1.1:compile
|  |     +- com.github.fommil.netlib:netlib-native_ref-linux-armhf:jar:natives:1.1:compile
|  |     +- com.github.fommil.netlib:netlib-native_system-osx-x86_64:jar:natives:1.1:compile
|  |     |  \- com.github.fommil.netlib:native_system-java:jar:1.1:compile
|  |     +- com.github.fommil.netlib:netlib-native_system-linux-x86_64:jar:natives:1.1:compile
|  |     +- com.github.fommil.netlib:netlib-native_system-linux-i686:jar:natives:1.1:compile
|  |     +- com.github.fommil.netlib:netlib-native_system-linux-armhf:jar:natives:1.1:compile
|  |     +- com.github.fommil.netlib:netlib-native_system-win-x86_64:jar:natives:1.1:compile
|  |     \- com.github.fommil.netlib:netlib-native_system-win-i686:jar:natives:1.1:compile
|  +- net.sourceforge.f2j:arpack_combined_all:jar:0.1:compile
|  +- com.googlecode.netlib-java:netlib-java:jar:1.1:compile
|  |  \- com.github.fommil.netlib:core:jar:1.1:compile
|  +- com.github.fracpete:jfilechooser-bookmarks:jar:0.1.6:compile
|  |  \- com.github.fracpete:jclipboardhelper:jar:0.1.0:compile
|  +- com.sun.istack:istack-commons-runtime:jar:3.0.12:compile
|  +- jakarta.activation:jakarta.activation-api:jar:1.2.2:compile
|  +- jakarta.xml.bind:jakarta.xml.bind-api:jar:2.3.3:compile
|  +- org.glassfish.jaxb:jaxb-runtime:jar:2.3.5:compile
|  |  +- org.glassfish.jaxb:txw2:jar:2.3.5:compile
|  |  \- com.sun.activation:jakarta.activation:jar:1.2.2:runtime
|  \- com.formdev:flatlaf:jar:2.0:runtime
\- org.junit.jupiter:junit-jupiter:jar:5.11.4:test
   +- org.junit.jupiter:junit-jupiter-api:jar:5.11.4:test
   |  +- org.opentest4j:opentest4j:jar:1.3.0:test
   |  +- org.junit.platform:junit-platform-commons:jar:1.11.4:test
   |  \- org.apiguardian:apiguardian-api:jar:1.1.2:test
   +- org.junit.jupiter:junit-jupiter-params:jar:5.11.4:test
   \- org.junit.jupiter:junit-jupiter-engine:jar:5.11.4:test
      \- org.junit.platform:junit-platform-engine:jar:1.11.4:test
